const_int#M.0
|
+- type
|  |
|  `- Type.Arrow U
|     |
|     +- Type.Type
|     |  |
|     |  `- TypeRef
|     |     |
|     |     `- Int
|     |
|     `- Type.Forall a#M.1:TU
|        |
|        `- Type.Arrow U
|           |
|           +- Type.Var a#M.1
|           |  |
|           |  `- TU
|           |
|           `- Type.Type
|              |
|              `- TypeRef
|                 |
|                 `- Int
|
+- params
|
`- definition
   |
   `- Exp.TypeAbs _#M.2:TU
      |
      `- Exp.Abs U i#M.3
         |
         +- Type.Type
         |  |
         |  `- TypeRef
         |     |
         |     `- Int
         |
         `- Exp.Abs U _#M.4
            |
            +- Type.Var _#M.2
            |  |
            |  `- TU
            |
            `- Exp.Var i#M.3

