List#M.0
|
`- DataDecl
   |
   +- kind
   |  |
   |  `- TU
   |
   +- parameters
   |  |
   |  `- (elem#M.8:TU)
   |
   `- constructors
      |
      +- Cons#M.2
      |  |
      |  +- Type.Var elem#M.8
      |  |  |
      |  |  `- TU
      |  |
      |  `- Type.Type
      |     |
      |     `- TypeRef
      |        |
      |        +- List
      |        |
      |        `- Type.Var elem#M.8
      |           |
      |           `- TU
      |
      `- Nil#M.4

Maybe#M.1
|
`- DataDecl
   |
   +- kind
   |  |
   |  `- TU
   |
   +- parameters
   |  |
   |  `- (a#M.9:TU)
   |
   `- constructors
      |
      +- Just#M.3
      |  |
      |  `- Type.Var a#M.9
      |     |
      |     `- TU
      |
      `- Nothing#M.5

Cons#M.2
|
`- Decl.DataCon (List#M.0)
   |
   +- parameters
   |  |
   |  `- (elem#M.8:TU)
   |
   +- multiplicity
   |  |
   |  `- U
   |
   `- items
      |
      +- Type.Var elem#M.8
      |  |
      |  `- TU
      |
      `- Type.Type
         |
         `- TypeRef
            |
            +- List
            |
            `- Type.Var elem#M.8
               |
               `- TU

Just#M.3
|
`- Decl.DataCon (Maybe#M.1)
   |
   +- parameters
   |  |
   |  `- (a#M.9:TU)
   |
   +- multiplicity
   |  |
   |  `- U
   |
   `- items
      |
      `- Type.Var a#M.9
         |
         `- TU

Nil#M.4
|
`- Decl.DataCon (List#M.0)
   |
   +- parameters
   |  |
   |  `- (elem#M.8:TU)
   |
   +- multiplicity
   |  |
   |  `- U
   |
   `- items

Nothing#M.5
|
`- Decl.DataCon (Maybe#M.1)
   |
   +- parameters
   |  |
   |  `- (a#M.9:TU)
   |
   +- multiplicity
   |  |
   |  `- U
   |
   `- items

empty#M.6
|
`- ValueDecl
   |
   +- type
   |  |
   |  `- Type.Forall a#M.15:TU
   |     |
   |     `- Type.Type
   |        |
   |        `- TypeRef
   |           |
   |           +- List
   |           |
   |           `- Type.Var a#M.15
   |              |
   |              `- TU
   |
   +- params
   |  |
   |  `- [a#M.14]
   |
   `- definition
      |
      `- Exp.TypeAbs a#M.14:TU
         |
         `- Exp.TypeApp
            |
            +- Exp.Con Nil#M.4
            |
            `- Type.Var a#M.14
               |
               `- TU

empty_head#M.7
|
`- ValueDecl
   |
   +- type
   |  |
   |  `- Type.Type
   |     |
   |     `- TypeRef
   |        |
   |        +- Maybe
   |        |
   |        `- Type.Unit
   |
   +- params
   |
   `- definition
      |
      `- Exp.Exp
         |
         `- TcExpX.ValueCase
            |
            +- Exp.TypeApp
            |  |
            |  +- Exp.Var empty#M.6
            |  |
            |  `- Type.Unit
            |
            +- Cons#M.2 x#M.16 _#M.17
            |  |
            |  `- Exp.App
            |     |
            |     +- Exp.TypeApp
            |     |  |
            |     |  +- Exp.Con Just#M.3
            |     |  |
            |     |  `- Type.Unit
            |     |
            |     `- Exp.Var x#M.16
            |
            `- Nil#M.4
               |
               `- Exp.TypeApp
                  |
                  +- Exp.Con Nothing#M.5
                  |
                  `- Type.Unit

