Id
|
`- DataDecl
   |
   +- OriginUser
   |
   +- kind
   |  |
   |  `- TU
   |
   +- parameters
   |  |
   |  `- (a:TU)
   |
   `- constructors
      |
      `- Id
         |
         `- Type.Var 3#a
            |
            `- TU

Id
|
`- Decl.DataCon (Id)
   |
   +- OriginUser
   |
   +- parameters
   |  |
   |  `- (a:TU)
   |
   +- multiplicity
   |  |
   |  `- U
   |
   `- items
      |
      `- Type.Var 3#a
         |
         `- TU

getId
|
+- type
|  |
|  `- Type.Forall 48#a:TU
|     |
|     `- Type.Arrow U
|        |
|        +- Type.Type
|        |  |
|        |  `- TypeRef
|        |     |
|        |     +- Id
|        |     |
|        |     `- Type.Var 48#a
|        |        |
|        |        `- TU
|        |
|        `- Type.Var 48#a
|           |
|           `- TU
|
+- params
|  |
|  +- [46#_]
|  |
|  `- 47#id
|
`- definition
   |
   `- Exp.TypeAbs 46#_:TU
      |
      `- Exp.Abs U 47#id
         |
         +- Type.Type
         |  |
         |  `- TypeRef
         |     |
         |     +- Id
         |     |
         |     `- Type.Var 46#_
         |        |
         |        `- TU
         |
         `- Exp.Exp
            |
            `- TcExpX.ValueCase
               |
               +- Exp.Var 47#id
               |
               `- Id 49#a
                  |
                  `- Exp.Var 49#a

