List#M.0
|
`- DataDecl
   |
   +- kind
   |  |
   |  `- TU
   |
   +- parameters
   |  |
   |  `- (a#M.4:TU)
   |
   `- constructors
      |
      +- Cons#M.1
      |  |
      |  +- Type.Var a#M.4
      |  |  |
      |  |  `- TU
      |  |
      |  `- Type.Type
      |     |
      |     `- TypeRef
      |        |
      |        +- List
      |        |
      |        `- Type.Var a#M.4
      |           |
      |           `- TU
      |
      `- Nil#M.2

Cons#M.1
|
`- Decl.DataCon (List#M.0)
   |
   +- parameters
   |  |
   |  `- (a#M.4:TU)
   |
   +- multiplicity
   |  |
   |  `- U
   |
   `- items
      |
      +- Type.Var a#M.4
      |  |
      |  `- TU
      |
      `- Type.Type
         |
         `- TypeRef
            |
            +- List
            |
            `- Type.Var a#M.4
               |
               `- TU

Nil#M.2
|
`- Decl.DataCon (List#M.0)
   |
   +- parameters
   |  |
   |  `- (a#M.4:TU)
   |
   +- multiplicity
   |  |
   |  `- U
   |
   `- items

unsafe_head#M.3
|
`- ValueDecl
   |
   +- type
   |  |
   |  `- Type.Forall a#M.9:TU
   |     |
   |     `- Type.Arrow U
   |        |
   |        +- Type.Type
   |        |  |
   |        |  `- TypeRef
   |        |     |
   |        |     +- List
   |        |     |
   |        |     `- Type.Var a#M.9
   |        |        |
   |        |        `- TU
   |        |
   |        `- Type.Var a#M.9
   |           |
   |           `- TU
   |
   +- params
   |  |
   |  +- [a#M.7]
   |  |
   |  `- xs#M.8
   |
   `- definition
      |
      `- Exp.TypeAbs a#M.7:TU
         |
         `- Exp.Abs U xs#M.8
            |
            +- Type.Type
            |  |
            |  `- TypeRef
            |     |
            |     +- List
            |     |
            |     `- Type.Var a#M.7
            |        |
            |        `- TU
            |
            `- Exp.Exp
               |
               `- TcExpX.ValueCase
                  |
                  +- Exp.Var xs#M.8
                  |
                  +- Cons#M.1 a#M.10 _#M.11
                  |  |
                  |  `- Exp.Var a#M.10
                  |
                  `- xs'#M.12
                     |
                     `- Exp.App
                        |
                        +- Exp.TypeApp
                        |  |
                        |  +- Exp.Var unsafe_head#M.3
                        |  |
                        |  `- Type.Var a#M.7
                        |     |
                        |     `- TU
                        |
                        `- Exp.Var xs'#M.12

