and#M.0
|
`- ValueDecl
   |
   +- type
   |  |
   |  `- Type.Arrow U
   |     |
   |     +- Type.Type
   |     |  |
   |     |  `- TypeRef
   |     |     |
   |     |     `- Bool
   |     |
   |     `- Type.Arrow U
   |        |
   |        +- Type.Type
   |        |  |
   |        |  `- TypeRef
   |        |     |
   |        |     `- Bool
   |        |
   |        `- Type.Type
   |           |
   |           `- TypeRef
   |              |
   |              `- Bool
   |
   +- params
   |  |
   |  +- x#M.1
   |  |
   |  `- y#M.2
   |
   `- definition
      |
      `- Exp.Abs U x#M.1
         |
         +- Type.Type
         |  |
         |  `- TypeRef
         |     |
         |     `- Bool
         |
         `- Exp.Abs U y#M.2
            |
            +- Type.Type
            |  |
            |  `- TypeRef
            |     |
            |     `- Bool
            |
            `- Exp.Exp
               |
               `- TcExpX.ValueCase
                  |
                  +- Exp.Var x#M.1
                  |
                  +- True#Builtin.5
                  |  |
                  |  `- Exp.Var y#M.2
                  |
                  `- _#M.3
                     |
                     `- Exp.Con False#Builtin.6

