List
|
`- DataDecl
   |
   +- OriginUser
   |
   +- kind
   |  |
   |  `- TU
   |
   +- parameters
   |  |
   |  `- (a:TU)
   |
   `- constructors
      |
      +- Cons
      |  |
      |  +- Type.Var 6#a
      |  |  |
      |  |  `- TU
      |  |
      |  `- Type.Type
      |     |
      |     `- TypeRef
      |        |
      |        +- List
      |        |
      |        `- Type.Var 6#a
      |           |
      |           `- TU
      |
      `- Nil

Cons
|
`- Decl.DataCon (List)
   |
   +- OriginUser
   |
   +- parameters
   |  |
   |  `- (a:TU)
   |
   +- multiplicity
   |  |
   |  `- U
   |
   `- items
      |
      +- Type.Var 6#a
      |  |
      |  `- TU
      |
      `- Type.Type
         |
         `- TypeRef
            |
            +- List
            |
            `- Type.Var 6#a
               |
               `- TU

Nil
|
`- Decl.DataCon (List)
   |
   +- OriginUser
   |
   +- parameters
   |  |
   |  `- (a:TU)
   |
   +- multiplicity
   |  |
   |  `- U
   |
   `- items

unsafe_head
|
+- type
|  |
|  `- Type.Forall 56#a:TU
|     |
|     `- Type.Arrow U
|        |
|        +- Type.Type
|        |  |
|        |  `- TypeRef
|        |     |
|        |     +- List
|        |     |
|        |     `- Type.Var 56#a
|        |        |
|        |        `- TU
|        |
|        `- Type.Var 56#a
|           |
|           `- TU
|
+- params
|  |
|  +- [54#a]
|  |
|  `- 55#xs
|
`- definition
   |
   `- Exp.TypeAbs 54#a:TU
      |
      `- Exp.Abs U 55#xs
         |
         +- Type.Type
         |  |
         |  `- TypeRef
         |     |
         |     +- List
         |     |
         |     `- Type.Var 54#a
         |        |
         |        `- TU
         |
         `- Exp.Exp
            |
            `- TcExpX.ValueCase
               |
               +- Exp.Var 55#xs
               |
               +- Cons 58#_ 57#a
               |  |
               |  `- Exp.Var 57#a
               |
               `- 59#xs'
                  |
                  `- Exp.App
                     |
                     +- Exp.TypeApp
                     |  |
                     |  +- Exp.Var unsafe_head
                     |  |
                     |  `- Type.Var 54#a
                     |     |
                     |     `- TU
                     |
                     `- Exp.Var 59#xs'

