Id#M.0
|
`- DataDecl
   |
   +- OriginUser
   |
   +- kind
   |  |
   |  `- TU
   |
   +- parameters
   |  |
   |  `- (a#M.3:TU)
   |
   `- constructors
      |
      `- Id#M.1
         |
         `- Type.Var a#M.3
            |
            `- TU

Id#M.1
|
`- Decl.DataCon (Id#M.0)
   |
   +- OriginUser
   |
   +- parameters
   |  |
   |  `- (a#M.3:TU)
   |
   +- multiplicity
   |  |
   |  `- U
   |
   `- items
      |
      `- Type.Var a#M.3
         |
         `- TU

getId#M.2
|
+- type
|  |
|  `- Type.Forall a#M.7:TU
|     |
|     `- Type.Arrow U
|        |
|        +- Type.Type
|        |  |
|        |  `- TypeRef
|        |     |
|        |     +- Id
|        |     |
|        |     `- Type.Var a#M.7
|        |        |
|        |        `- TU
|        |
|        `- Type.Var a#M.7
|           |
|           `- TU
|
+- params
|  |
|  +- [_#M.5]
|  |
|  `- id#M.6
|
`- definition
   |
   `- Exp.TypeAbs _#M.5:TU
      |
      `- Exp.Abs U id#M.6
         |
         +- Type.Type
         |  |
         |  `- TypeRef
         |     |
         |     +- Id
         |     |
         |     `- Type.Var _#M.5
         |        |
         |        `- TU
         |
         `- Exp.Exp
            |
            `- TcExpX.ValueCase
               |
               +- Exp.Var id#M.6
               |
               `- Id#M.1 a#M.8
                  |
                  `- Exp.Var a#M.8

