bottom1#M.0
|
`- ValueDecl
   |
   +- type
   |  |
   |  `- Type.Forall a#M.2:TU
   |     |
   |     `- Type.Var a#M.2
   |        |
   |        `- TU
   |
   +- params
   |
   `- definition
      |
      `- Exp.Var bottom1#M.0

bottom2#M.1
|
`- ValueDecl
   |
   +- type
   |  |
   |  `- Type.Forall a#M.4:TU
   |     |
   |     `- Type.Var a#M.4
   |        |
   |        `- TU
   |
   +- params
   |  |
   |  `- [a#M.3]
   |
   `- definition
      |
      `- Exp.TypeAbs a#M.3:TU
         |
         `- Exp.TypeApp
            |
            +- Exp.Var bottom2#M.1
            |
            `- Type.Var a#M.3
               |
               `- TU

