constUnit#M.0
|
`- ValueDecl
   |
   +- type
   |  |
   |  `- Type.Forall a#M.4:TU
   |     |
   |     `- Type.Arrow U
   |        |
   |        +- Type.Var a#M.4
   |        |  |
   |        |  `- TU
   |        |
   |        `- Type.Unit
   |
   +- params
   |  |
   |  +- [_#M.2]
   |  |
   |  `- _#M.3
   |
   `- definition
      |
      `- Exp.TypeAbs _#M.2:TU
         |
         `- Exp.Abs U _#M.3
            |
            +- Type.Var _#M.2
            |  |
            |  `- TU
            |
            `- Exp.Var unit#M.1

unit#M.1
|
`- ValueDecl
   |
   +- type
   |  |
   |  `- Type.Unit
   |
   +- params
   |
   `- definition
      |
      `- Exp.Lit
         |
         `- Lit.Unit

