calc#M.2
|
`- SignatureDecl
   |
   `- type
      |
      `- Type.Arrow U
         |
         +- Type.Arrow ? U
         |  |
         |  +- Type.Type
         |  |  |
         |  |  `- TypeRef
         |  |     |
         |  |     `- Int
         |  |
         |  `- Type.Type
         |     |
         |     `- TypeRef
         |        |
         |        `- Int
         |
         `- Type.Type
            |
            `- TypeRef
               |
               `- Int

check#M.0
|
`- ValueDecl
   |
   +- type
   |  |
   |  `- Type.Type
   |     |
   |     `- TypeRef
   |        |
   |        `- Int
   |
   +- params
   |
   `- definition
      |
      `- Exp.App
         |
         +- Exp.Var calc#M.2
         |
         `- Exp.Abs U «implicit-arg»#M.4
            |
            +- Type.Type
            |  |
            |  `- TypeRef
            |     |
            |     `- Int
            |
            `- Exp.App
               |
               +- Exp.TypeApp
               |  |
               |  +- Exp.Var implicit#Builtin.32
               |  |
               |  `- Type.Type
               |     |
               |     `- TypeRef
               |        |
               |        `- Int
               |
               `- Exp.Var «implicit-arg»#M.4

synth#M.1
|
`- ValueDecl
   |
   +- type
   |  |
   |  `- Type.Type
   |     |
   |     `- TypeRef
   |        |
   |        `- Int
   |
   +- params
   |
   `- definition
      |
      `- Exp.Exp
         |
         `- TcExpX.ValueCase
            |
            +- Exp.App
            |  |
            |  +- Exp.Var calc#M.2
            |  |
            |  `- Exp.Abs U «implicit-arg»#M.5
            |     |
            |     +- Type.Type
            |     |  |
            |     |  `- TypeRef
            |     |     |
            |     |     `- Int
            |     |
            |     `- Exp.App
            |        |
            |        +- Exp.TypeApp
            |        |  |
            |        |  +- Exp.Var implicit#Builtin.32
            |        |  |
            |        |  `- Type.Type
            |        |     |
            |        |     `- TypeRef
            |        |        |
            |        |        `- Int
            |        |
            |        `- Exp.Var «implicit-arg»#M.5
            |
            `- r#M.3
               |
               `- Exp.Var r#M.3

