Identity
|
`- DataDecl
   |
   +- OriginUser
   |
   +- kind
   |  |
   |  `- TU
   |
   +- parameters
   |  |
   |  `- (a:TU)
   |
   `- constructors
      |
      `- Identity
         |
         `- Type.Var 6#a
            |
            `- TU

Identity
|
`- Decl.DataCon (Identity)
   |
   +- OriginUser
   |
   +- parameters
   |  |
   |  `- (a:TU)
   |
   +- multiplicity
   |  |
   |  `- U
   |
   `- items
      |
      `- Type.Var 6#a
         |
         `- TU

matchD0
|
+- type
|  |
|  `- Type.Arrow U
|     |
|     +- Type.Type
|     |  |
|     |  `- TypeRef
|     |     |
|     |     `- D0
|     |
|     `- Type.Unit
|
+- params
|  |
|  `- 46#d0
|
`- definition
   |
   `- Exp.Abs U 46#d0
      |
      +- Type.Type
      |  |
      |  `- TypeRef
      |     |
      |     `- D0
      |
      `- Exp.Exp
         |
         `- TcExpX.ValueCase
            |
            +- Exp.Var 46#d0
            |
            `- D0
               |
               `- Exp.Lit
                  |
                  `- Lit.Unit

runIdentity
|
+- type
|  |
|  `- Type.Forall 50#a:TU
|     |
|     `- Type.Arrow U
|        |
|        +- Type.Type
|        |  |
|        |  `- TypeRef
|        |     |
|        |     +- Identity
|        |     |
|        |     `- Type.Var 50#a
|        |        |
|        |        `- TU
|        |
|        `- Type.Var 50#a
|           |
|           `- TU
|
+- params
|  |
|  `- 49#id
|
`- definition
   |
   `- Exp.TypeAbs 67#_:TU
      |
      `- Exp.Abs U 49#id
         |
         +- Type.Type
         |  |
         |  `- TypeRef
         |     |
         |     +- Identity
         |     |
         |     `- Type.Var 67#_
         |        |
         |        `- TU
         |
         `- Exp.Exp
            |
            `- TcExpX.ValueCase
               |
               +- Exp.Var 49#id
               |
               `- Identity 51#a
                  |
                  `- Exp.Var 51#a

