Identity#M.0
|
`- DataDecl
   |
   +- kind
   |  |
   |  `- TU
   |
   +- parameters
   |  |
   |  `- (a#M.4:TU)
   |
   `- constructors
      |
      `- Identity#M.1
         |
         `- Type.Var a#M.4
            |
            `- TU

Identity#M.1
|
`- Decl.DataCon (Identity#M.0)
   |
   +- parameters
   |  |
   |  `- (a#M.4:TU)
   |
   +- multiplicity
   |  |
   |  `- U
   |
   `- items
      |
      `- Type.Var a#M.4
         |
         `- TU

runIdentity#M.2
|
`- ValueDecl
   |
   +- type
   |  |
   |  `- Type.Forall a#M.7:TU
   |     |
   |     `- Type.Forall s#M.8:SL
   |        |
   |        `- Type.Arrow U
   |           |
   |           +- Type.Session (?)
   |           |  |
   |           |  +- Type.Type
   |           |  |  |
   |           |  |  `- TypeRef
   |           |  |     |
   |           |  |     +- Identity
   |           |  |     |
   |           |  |     `- Type.Var a#M.7
   |           |  |        |
   |           |  |        `- TU
   |           |  |
   |           |  `- Type.Var s#M.8
   |           |     |
   |           |     `- SL
   |           |
   |           `- Type.Session (?)
   |              |
   |              +- Type.Var a#M.7
   |              |  |
   |              |  `- TU
   |              |
   |              `- Type.Var s#M.8
   |                 |
   |                 `- SL
   |
   +- params
   |  |
   |  `- c#M.6
   |
   `- definition
      |
      `- Exp.TypeAbs _#M.13:TU
         |
         `- Exp.TypeAbs _#M.14:SL
            |
            `- Exp.Abs U c#M.6
               |
               +- Type.Session (?)
               |  |
               |  +- Type.Type
               |  |  |
               |  |  `- TypeRef
               |  |     |
               |  |     +- Identity
               |  |     |
               |  |     `- Type.Var _#M.13
               |  |        |
               |  |        `- TU
               |  |
               |  `- Type.Var _#M.14
               |     |
               |     `- SL
               |
               `- Exp.Exp
                  |
                  `- TcExpX.RecvCase
                     |
                     +- Exp.Var c#M.6
                     |
                     `- Identity#M.1 c#M.9
                        |
                        `- Exp.Var c#M.9

skipD0#M.3
|
`- ValueDecl
   |
   +- type
   |  |
   |  `- Type.Forall s#M.11:SL
   |     |
   |     `- Type.Arrow U
   |        |
   |        +- Type.Session (?)
   |        |  |
   |        |  +- Type.Type
   |        |  |  |
   |        |  |  `- TypeRef
   |        |  |     |
   |        |  |     `- D0
   |        |  |
   |        |  `- Type.Var s#M.11
   |        |     |
   |        |     `- SL
   |        |
   |        `- Type.Var s#M.11
   |           |
   |           `- SL
   |
   +- params
   |  |
   |  `- c#M.10
   |
   `- definition
      |
      `- Exp.TypeAbs _#M.15:SL
         |
         `- Exp.Abs U c#M.10
            |
            +- Type.Session (?)
            |  |
            |  +- Type.Type
            |  |  |
            |  |  `- TypeRef
            |  |     |
            |  |     `- D0
            |  |
            |  `- Type.Var _#M.15
            |     |
            |     `- SL
            |
            `- Exp.Exp
               |
               `- TcExpX.RecvCase
                  |
                  +- Exp.Var c#M.10
                  |
                  `- D0#Declarations.14 c#M.12
                     |
                     `- Exp.Var c#M.12

