Identity
|
`- DataDecl
   |
   +- OriginUser
   |
   +- kind
   |  |
   |  `- TU
   |
   +- parameters
   |  |
   |  `- (a:TU)
   |
   `- constructors
      |
      `- Identity
         |
         `- Type.Var 6#a
            |
            `- TU

Identity
|
`- Decl.DataCon (Identity)
   |
   +- OriginUser
   |
   +- parameters
   |  |
   |  `- (a:TU)
   |
   +- multiplicity
   |  |
   |  `- U
   |
   `- items
      |
      `- Type.Var 6#a
         |
         `- TU

runIdentity
|
+- type
|  |
|  `- Type.Forall 49#a:TU
|     |
|     `- Type.Forall 50#s:SL
|        |
|        `- Type.Arrow U
|           |
|           +- Type.Session (?)
|           |  |
|           |  +- Type.Type
|           |  |  |
|           |  |  `- TypeRef
|           |  |     |
|           |  |     +- Identity
|           |  |     |
|           |  |     `- Type.Var 49#a
|           |  |        |
|           |  |        `- TU
|           |  |
|           |  `- Type.Var 50#s
|           |     |
|           |     `- SL
|           |
|           `- Type.Session (?)
|              |
|              +- Type.Var 49#a
|              |  |
|              |  `- TU
|              |
|              `- Type.Var 50#s
|                 |
|                 `- SL
|
+- params
|  |
|  `- 48#c
|
`- definition
   |
   `- Exp.TypeAbs 70#_:TU
      |
      `- Exp.TypeAbs 71#_:SL
         |
         `- Exp.Abs U 48#c
            |
            +- Type.Session (?)
            |  |
            |  +- Type.Type
            |  |  |
            |  |  `- TypeRef
            |  |     |
            |  |     +- Identity
            |  |     |
            |  |     `- Type.Var 70#_
            |  |        |
            |  |        `- TU
            |  |
            |  `- Type.Var 71#_
            |     |
            |     `- SL
            |
            `- Exp.Exp
               |
               `- TcExpX.RecvCase
                  |
                  +- Exp.Var 48#c
                  |
                  `- Identity 51#c
                     |
                     `- Exp.Var 51#c

skipD0
|
+- type
|  |
|  `- Type.Forall 53#s:SL
|     |
|     `- Type.Arrow U
|        |
|        +- Type.Session (?)
|        |  |
|        |  +- Type.Type
|        |  |  |
|        |  |  `- TypeRef
|        |  |     |
|        |  |     `- D0
|        |  |
|        |  `- Type.Var 53#s
|        |     |
|        |     `- SL
|        |
|        `- Type.Var 53#s
|           |
|           `- SL
|
+- params
|  |
|  `- 52#c
|
`- definition
   |
   `- Exp.TypeAbs 72#_:SL
      |
      `- Exp.Abs U 52#c
         |
         +- Type.Session (?)
         |  |
         |  +- Type.Type
         |  |  |
         |  |  `- TypeRef
         |  |     |
         |  |     `- D0
         |  |
         |  `- Type.Var 72#_
         |     |
         |     `- SL
         |
         `- Exp.Exp
            |
            `- TcExpX.RecvCase
               |
               +- Exp.Var 52#c
               |
               `- D0 54#c
                  |
                  `- Exp.Var 54#c

