pairId2#M.0
|
+- type
|  |
|  `- Type.Forall a#M.2:TU
|     |
|     `- Type.Forall b#M.3:TU
|        |
|        `- Type.Arrow U
|           |
|           +- Type.Pair
|           |  |
|           |  +- Type.Var a#M.2
|           |  |  |
|           |  |  `- TU
|           |  |
|           |  `- Type.Var b#M.3
|           |     |
|           |     `- TU
|           |
|           `- Type.Pair
|              |
|              +- Type.Var a#M.2
|              |  |
|              |  `- TU
|              |
|              `- Type.Var b#M.3
|                 |
|                 `- TU
|
+- params
|  |
|  `- ab#M.1
|
`- definition
   |
   `- Exp.TypeAbs _#M.6:TU
      |
      `- Exp.TypeAbs _#M.7:TU
         |
         `- Exp.Abs U ab#M.1
            |
            +- Type.Pair
            |  |
            |  +- Type.Var _#M.6
            |  |  |
            |  |  `- TU
            |  |
            |  `- Type.Var _#M.7
            |     |
            |     `- TU
            |
            `- Exp.Exp
               |
               `- TcExpX.ValueCase
                  |
                  +- Exp.Var ab#M.1
                  |
                  `- (,)#Builtin.0 a#M.4 b#M.5
                     |
                     `- Exp.Pair
                        |
                        +- Exp.Var a#M.4
                        |
                        `- Exp.Var b#M.5

