recvPair
|
+- type
|  |
|  `- Type.Forall 47#a:TU
|     |
|     `- Type.Forall 48#b:TU
|        |
|        `- Type.Forall 49#s:SL
|           |
|           `- Type.Arrow U
|              |
|              +- Type.Session (?)
|              |  |
|              |  +- Type.Pair
|              |  |  |
|              |  |  +- Type.Var 47#a
|              |  |  |  |
|              |  |  |  `- TU
|              |  |  |
|              |  |  `- Type.Var 48#b
|              |  |     |
|              |  |     `- TU
|              |  |
|              |  `- Type.Var 49#s
|              |     |
|              |     `- SL
|              |
|              `- Type.Session (?)
|                 |
|                 +- Type.Var 47#a
|                 |  |
|                 |  `- TU
|                 |
|                 `- Type.Session (?)
|                    |
|                    +- Type.Var 48#b
|                    |  |
|                    |  `- TU
|                    |
|                    `- Type.Var 49#s
|                       |
|                       `- SL
|
+- params
|  |
|  `- 46#c
|
`- definition
   |
   `- Exp.TypeAbs 66#_:TU
      |
      `- Exp.TypeAbs 67#_:TU
         |
         `- Exp.TypeAbs 68#_:SL
            |
            `- Exp.Abs U 46#c
               |
               +- Type.Session (?)
               |  |
               |  +- Type.Pair
               |  |  |
               |  |  +- Type.Var 66#_
               |  |  |  |
               |  |  |  `- TU
               |  |  |
               |  |  `- Type.Var 67#_
               |  |     |
               |  |     `- TU
               |  |
               |  `- Type.Var 68#_
               |     |
               |     `- SL
               |
               `- Exp.Exp
                  |
                  `- TcExpX.RecvCase
                     |
                     +- Exp.Var 46#c
                     |
                     `- (,) 50#c
                        |
                        `- Exp.Var 50#c

