D#M.0
|
`- DataDecl
   |
   +- kind
   |  |
   |  `- TL
   |
   +- parameters
   |
   `- constructors
      |
      `- D#M.1

D#M.1
|
`- Decl.DataCon (D#M.0)
   |
   +- parameters
   |
   +- multiplicity
   |  |
   |  `- L
   |
   `- items

foo#M.2
|
`- ValueDecl
   |
   +- type
   |  |
   |  `- Type.Arrow U
   |     |
   |     +- Type.Type
   |     |  |
   |     |  `- TypeRef
   |     |     |
   |     |     `- D
   |     |
   |     `- Type.Unit
   |
   +- params
   |  |
   |  `- x#M.3
   |
   `- definition
      |
      `- Exp.Abs U x#M.3
         |
         +- Type.Type
         |  |
         |  `- TypeRef
         |     |
         |     `- D
         |
         `- Exp.Exp
            |
            `- TcExpX.ValueCase
               |
               +- Exp.Var x#M.3
               |
               `- D#M.1
                  |
                  `- Exp.Lit
                     |
                     `- Lit.Unit

