Maybe#M.0
|
`- DataDecl
   |
   +- kind
   |  |
   |  `- TL
   |
   +- parameters
   |  |
   |  `- (a#M.4:TL)
   |
   `- constructors
      |
      +- Just#M.1
      |  |
      |  `- Type.Var a#M.4
      |     |
      |     `- TL
      |
      `- Nothing#M.2

Just#M.1
|
`- Decl.DataCon (Maybe#M.0)
   |
   +- parameters
   |  |
   |  `- (a#M.4:TL)
   |
   +- multiplicity
   |  |
   |  `- L
   |
   `- items
      |
      `- Type.Var a#M.4
         |
         `- TL

Nothing#M.2
|
`- Decl.DataCon (Maybe#M.0)
   |
   +- parameters
   |  |
   |  `- (a#M.4:TL)
   |
   +- multiplicity
   |  |
   |  `- L
   |
   `- items

fromMaybe#M.3
|
`- ValueDecl
   |
   +- type
   |  |
   |  `- Type.Forall a#M.9:TL
   |     |
   |     `- Type.Arrow U
   |        |
   |        +- Type.Arrow U
   |        |  |
   |        |  +- Type.Unit
   |        |  |
   |        |  `- Type.Var a#M.9
   |        |     |
   |        |     `- TL
   |        |
   |        `- Type.Arrow U
   |           |
   |           +- Type.Type
   |           |  |
   |           |  `- TypeRef
   |           |     |
   |           |     +- Maybe
   |           |     |
   |           |     `- Type.Var a#M.9
   |           |        |
   |           |        `- TL
   |           |
   |           `- Type.Var a#M.9
   |              |
   |              `- TL
   |
   +- params
   |  |
   |  +- makeA#M.7
   |  |
   |  `- m#M.8
   |
   `- definition
      |
      `- Exp.TypeAbs _#M.11:TL
         |
         `- Exp.Abs U makeA#M.7
            |
            +- Type.Arrow U
            |  |
            |  +- Type.Unit
            |  |
            |  `- Type.Var _#M.11
            |     |
            |     `- TL
            |
            `- Exp.Abs U m#M.8
               |
               +- Type.Type
               |  |
               |  `- TypeRef
               |     |
               |     +- Maybe
               |     |
               |     `- Type.Var _#M.11
               |        |
               |        `- TL
               |
               `- Exp.Exp
                  |
                  `- TcExpX.ValueCase
                     |
                     +- Exp.Var m#M.8
                     |
                     +- Just#M.1 a#M.10
                     |  |
                     |  `- Exp.Var a#M.10
                     |
                     `- Nothing#M.2
                        |
                        `- Exp.App
                           |
                           +- Exp.Var makeA#M.7
                           |
                           `- Exp.Lit
                              |
                              `- Lit.Unit

