AltList#M.0
|
`- DataDecl
   |
   +- OriginUser
   |
   +- kind
   |  |
   |  `- TU
   |
   +- parameters
   |  |
   |  +- (a#M.8:TU)
   |  |
   |  `- (b#M.9:TU)
   |
   `- constructors
      |
      +- ACons#M.2
      |  |
      |  +- Type.Var a#M.8
      |  |  |
      |  |  `- TU
      |  |
      |  `- Type.Type
      |     |
      |     `- TypeRef
      |        |
      |        +- AltList
      |        |
      |        +- Type.Var b#M.9
      |        |  |
      |        |  `- TU
      |        |
      |        `- Type.Var a#M.8
      |           |
      |           `- TU
      |
      `- ANil#M.3

List#M.1
|
`- DataDecl
   |
   +- OriginUser
   |
   +- kind
   |  |
   |  `- TU
   |
   +- parameters
   |  |
   |  `- (a#M.10:TU)
   |
   `- constructors
      |
      +- Cons#M.4
      |  |
      |  +- Type.Var a#M.10
      |  |  |
      |  |  `- TU
      |  |
      |  `- Type.Type
      |     |
      |     `- TypeRef
      |        |
      |        +- List
      |        |
      |        `- Type.Var a#M.10
      |           |
      |           `- TU
      |
      `- Nil#M.5

ACons#M.2
|
`- Decl.DataCon (AltList#M.0)
   |
   +- OriginUser
   |
   +- parameters
   |  |
   |  +- (a#M.8:TU)
   |  |
   |  `- (b#M.9:TU)
   |
   +- multiplicity
   |  |
   |  `- U
   |
   `- items
      |
      +- Type.Var a#M.8
      |  |
      |  `- TU
      |
      `- Type.Type
         |
         `- TypeRef
            |
            +- AltList
            |
            +- Type.Var b#M.9
            |  |
            |  `- TU
            |
            `- Type.Var a#M.8
               |
               `- TU

ANil#M.3
|
`- Decl.DataCon (AltList#M.0)
   |
   +- OriginUser
   |
   +- parameters
   |  |
   |  +- (a#M.8:TU)
   |  |
   |  `- (b#M.9:TU)
   |
   +- multiplicity
   |  |
   |  `- U
   |
   `- items

Cons#M.4
|
`- Decl.DataCon (List#M.1)
   |
   +- OriginUser
   |
   +- parameters
   |  |
   |  `- (a#M.10:TU)
   |
   +- multiplicity
   |  |
   |  `- U
   |
   `- items
      |
      +- Type.Var a#M.10
      |  |
      |  `- TU
      |
      `- Type.Type
         |
         `- TypeRef
            |
            +- List
            |
            `- Type.Var a#M.10
               |
               `- TU

Nil#M.5
|
`- Decl.DataCon (List#M.1)
   |
   +- OriginUser
   |
   +- parameters
   |  |
   |  `- (a#M.10:TU)
   |
   +- multiplicity
   |  |
   |  `- U
   |
   `- items

altLength#M.6
|
+- type
|  |
|  `- Type.Forall a#M.17:TU
|     |
|     `- Type.Forall b#M.18:TU
|        |
|        `- Type.Arrow U
|           |
|           +- Type.Type
|           |  |
|           |  `- TypeRef
|           |     |
|           |     +- AltList
|           |     |
|           |     +- Type.Var a#M.17
|           |     |  |
|           |     |  `- TU
|           |     |
|           |     `- Type.Var b#M.18
|           |        |
|           |        `- TU
|           |
|           `- Type.Type
|              |
|              `- TypeRef
|                 |
|                 `- Int
|
+- params
|
`- definition
   |
   `- Exp.Exp
      |
      `- TcExpX.ValueCase
         |
         +- Exp.Rec go#M.21
         |  |
         |  +- Type.Forall a#M.19:TU
         |  |  |
         |  |  `- Type.Forall b#M.20:TU
         |  |     |
         |  |     `- Type.Arrow U
         |  |        |
         |  |        +- Type.Type
         |  |        |  |
         |  |        |  `- TypeRef
         |  |        |     |
         |  |        |     `- Int
         |  |        |
         |  |        `- Type.Arrow U
         |  |           |
         |  |           +- Type.Type
         |  |           |  |
         |  |           |  `- TypeRef
         |  |           |     |
         |  |           |     +- AltList
         |  |           |     |
         |  |           |     +- Type.Var a#M.19
         |  |           |     |  |
         |  |           |     |  `- TU
         |  |           |     |
         |  |           |     `- Type.Var b#M.20
         |  |           |        |
         |  |           |        `- TU
         |  |           |
         |  |           `- Type.Type
         |  |              |
         |  |              `- TypeRef
         |  |                 |
         |  |                 `- Int
         |  |
         |  `- Exp.TypeAbs a#M.22:TU
         |     |
         |     `- Exp.TypeAbs b#M.23:TU
         |        |
         |        `- Exp.Abs U acc#M.24
         |           |
         |           +- Type.Type
         |           |  |
         |           |  `- TypeRef
         |           |     |
         |           |     `- Int
         |           |
         |           `- Exp.Abs U xs#M.25
         |              |
         |              +- Type.Type
         |              |  |
         |              |  `- TypeRef
         |              |     |
         |              |     +- AltList
         |              |     |
         |              |     +- Type.Var a#M.22
         |              |     |  |
         |              |     |  `- TU
         |              |     |
         |              |     `- Type.Var b#M.23
         |              |        |
         |              |        `- TU
         |              |
         |              `- Exp.Exp
         |                 |
         |                 `- TcExpX.ValueCase
         |                    |
         |                    +- Exp.Var xs#M.25
         |                    |
         |                    +- ACons#M.2 _#M.26 xs#M.27
         |                    |  |
         |                    |  `- Exp.App
         |                    |     |
         |                    |     +- Exp.App
         |                    |     |  |
         |                    |     |  +- Exp.TypeApp
         |                    |     |  |  |
         |                    |     |  |  +- Exp.TypeApp
         |                    |     |  |  |  |
         |                    |     |  |  |  +- Exp.Var go#M.21
         |                    |     |  |  |  |
         |                    |     |  |  |  `- Type.Var b#M.23
         |                    |     |  |  |     |
         |                    |     |  |  |     `- TU
         |                    |     |  |  |
         |                    |     |  |  `- Type.Var a#M.22
         |                    |     |  |     |
         |                    |     |  |     `- TU
         |                    |     |  |
         |                    |     |  `- Exp.App
         |                    |     |     |
         |                    |     |     +- Exp.App
         |                    |     |     |  |
         |                    |     |     |  +- Exp.Var (+)#Builtin.17
         |                    |     |     |  |
         |                    |     |     |  `- Exp.Var acc#M.24
         |                    |     |     |
         |                    |     |     `- Exp.Lit
         |                    |     |        |
         |                    |     |        `- Lit.Int 1
         |                    |     |
         |                    |     `- Exp.Var xs#M.27
         |                    |
         |                    `- ANil#M.3
         |                       |
         |                       `- Exp.Var acc#M.24
         |
         `- go#M.28
            |
            `- Exp.App
               |
               +- Exp.Var go#M.28
               |
               `- Exp.Lit
                  |
                  `- Lit.Int 0

length#M.7
|
+- type
|  |
|  `- Type.Forall a#M.30:TU
|     |
|     `- Type.Arrow U
|        |
|        +- Type.Type
|        |  |
|        |  `- TypeRef
|        |     |
|        |     +- List
|        |     |
|        |     `- Type.Var a#M.30
|        |        |
|        |        `- TU
|        |
|        `- Type.Type
|           |
|           `- TypeRef
|              |
|              `- Int
|
+- params
|  |
|  `- [a#M.29]
|
`- definition
   |
   `- Exp.TypeAbs a#M.29:TU
      |
      `- Exp.Exp
         |
         `- TcExpX.ValueCase
            |
            +- Exp.Rec go#M.31
            |  |
            |  +- Type.Arrow U
            |  |  |
            |  |  +- Type.Type
            |  |  |  |
            |  |  |  `- TypeRef
            |  |  |     |
            |  |  |     `- Int
            |  |  |
            |  |  `- Type.Arrow U
            |  |     |
            |  |     +- Type.Type
            |  |     |  |
            |  |     |  `- TypeRef
            |  |     |     |
            |  |     |     +- List
            |  |     |     |
            |  |     |     `- Type.Var a#M.29
            |  |     |        |
            |  |     |        `- TU
            |  |     |
            |  |     `- Type.Type
            |  |        |
            |  |        `- TypeRef
            |  |           |
            |  |           `- Int
            |  |
            |  `- Exp.Abs U acc#M.32
            |     |
            |     +- Type.Type
            |     |  |
            |     |  `- TypeRef
            |     |     |
            |     |     `- Int
            |     |
            |     `- Exp.Abs U xs#M.33
            |        |
            |        +- Type.Type
            |        |  |
            |        |  `- TypeRef
            |        |     |
            |        |     +- List
            |        |     |
            |        |     `- Type.Var a#M.29
            |        |        |
            |        |        `- TU
            |        |
            |        `- Exp.Exp
            |           |
            |           `- TcExpX.ValueCase
            |              |
            |              +- Exp.Var xs#M.33
            |              |
            |              +- Cons#M.4 _#M.34 xs#M.35
            |              |  |
            |              |  `- Exp.App
            |              |     |
            |              |     +- Exp.App
            |              |     |  |
            |              |     |  +- Exp.Var go#M.31
            |              |     |  |
            |              |     |  `- Exp.App
            |              |     |     |
            |              |     |     +- Exp.App
            |              |     |     |  |
            |              |     |     |  +- Exp.Var (+)#Builtin.17
            |              |     |     |  |
            |              |     |     |  `- Exp.Var acc#M.32
            |              |     |     |
            |              |     |     `- Exp.Lit
            |              |     |        |
            |              |     |        `- Lit.Int 1
            |              |     |
            |              |     `- Exp.Var xs#M.35
            |              |
            |              `- Nil#M.5
            |                 |
            |                 `- Exp.Var acc#M.32
            |
            `- go#M.36
               |
               `- Exp.App
                  |
                  +- Exp.Var go#M.36
                  |
                  `- Exp.Lit
                     |
                     `- Lit.Int 0

