Arith#M.0
|
`- ProtoDecl
   |
   +- OriginUser
   |
   +- kind
   |  |
   |  `- P
   |
   +- parameters
   |
   `- constructors
      |
      +- Add#M.1
      |  |
      |  +- Type.Type
      |  |  |
      |  |  `- TypeRef
      |  |     |
      |  |     `- Int
      |  |
      |  +- Type.Type
      |  |  |
      |  |  `- TypeRef
      |  |     |
      |  |     `- Int
      |  |
      |  `- Type.Negate
      |     |
      |     `- Type.Type
      |        |
      |        `- TypeRef
      |           |
      |           `- Int
      |
      `- Neg#M.2
         |
         +- Type.Type
         |  |
         |  `- TypeRef
         |     |
         |     `- Int
         |
         `- Type.Negate
            |
            `- Type.Type
               |
               `- TypeRef
                  |
                  `- Int

Add#M.1
|
`- Decl.ProtocolCon (Arith#M.0)
   |
   +- OriginUser
   |
   +- parameters
   |
   `- items
      |
      +- Type.Type
      |  |
      |  `- TypeRef
      |     |
      |     `- Int
      |
      +- Type.Type
      |  |
      |  `- TypeRef
      |     |
      |     `- Int
      |
      `- Type.Negate
         |
         `- Type.Type
            |
            `- TypeRef
               |
               `- Int

Neg#M.2
|
`- Decl.ProtocolCon (Arith#M.0)
   |
   +- OriginUser
   |
   +- parameters
   |
   `- items
      |
      +- Type.Type
      |  |
      |  `- TypeRef
      |     |
      |     `- Int
      |
      `- Type.Negate
         |
         `- Type.Type
            |
            `- TypeRef
               |
               `- Int

arithServer#M.3
|
+- type
|  |
|  `- Type.Forall s#M.6:SL
|     |
|     `- Type.Arrow U
|        |
|        +- Type.Session (?)
|        |  |
|        |  +- Type.Type
|        |  |  |
|        |  |  `- TypeRef
|        |  |     |
|        |  |     `- Arith
|        |  |
|        |  `- Type.Var s#M.6
|        |     |
|        |     `- SL
|        |
|        `- Type.Var s#M.6
|           |
|           `- SL
|
+- params
|  |
|  +- [s#M.4]
|  |
|  `- c#M.5
|
`- definition
   |
   `- Exp.TypeAbs s#M.4:SL
      |
      `- Exp.Abs U c#M.5
         |
         +- Type.Session (?)
         |  |
         |  +- Type.Type
         |  |  |
         |  |  `- TypeRef
         |  |     |
         |  |     `- Arith
         |  |
         |  `- Type.Var s#M.4
         |     |
         |     `- SL
         |
         `- Exp.Exp
            |
            `- TcExpX.RecvCase
               |
               +- Exp.Var c#M.5
               |
               +- Add#M.1 c#M.7
               |  |
               |  `- Exp.Exp
               |     |
               |     `- TcExpX.ValueCase
               |        |
               |        +- Exp.App
               |        |  |
               |        |  +- Exp.TypeApp
               |        |  |  |
               |        |  |  +- Exp.TypeApp
               |        |  |  |  |
               |        |  |  |  +- Exp.Var receive#Builtin.8
               |        |  |  |  |
               |        |  |  |  `- Type.Type
               |        |  |  |     |
               |        |  |  |     `- TypeRef
               |        |  |  |        |
               |        |  |  |        `- Int
               |        |  |  |
               |        |  |  `- Type.Session (?)
               |        |  |     |
               |        |  |     +- Type.Type
               |        |  |     |  |
               |        |  |     |  `- TypeRef
               |        |  |     |     |
               |        |  |     |     `- Int
               |        |  |     |
               |        |  |     `- Type.Session (!)
               |        |  |        |
               |        |  |        +- Type.Type
               |        |  |        |  |
               |        |  |        |  `- TypeRef
               |        |  |        |     |
               |        |  |        |     `- Int
               |        |  |        |
               |        |  |        `- Type.Var s#M.4
               |        |  |           |
               |        |  |           `- SL
               |        |  |
               |        |  `- Exp.Var c#M.7
               |        |
               |        `- (,)#Builtin.0 x#M.8 c#M.9
               |           |
               |           `- Exp.Exp
               |              |
               |              `- TcExpX.ValueCase
               |                 |
               |                 +- Exp.App
               |                 |  |
               |                 |  +- Exp.TypeApp
               |                 |  |  |
               |                 |  |  +- Exp.TypeApp
               |                 |  |  |  |
               |                 |  |  |  +- Exp.Var receive#Builtin.8
               |                 |  |  |  |
               |                 |  |  |  `- Type.Type
               |                 |  |  |     |
               |                 |  |  |     `- TypeRef
               |                 |  |  |        |
               |                 |  |  |        `- Int
               |                 |  |  |
               |                 |  |  `- Type.Session (!)
               |                 |  |     |
               |                 |  |     +- Type.Type
               |                 |  |     |  |
               |                 |  |     |  `- TypeRef
               |                 |  |     |     |
               |                 |  |     |     `- Int
               |                 |  |     |
               |                 |  |     `- Type.Var s#M.4
               |                 |  |        |
               |                 |  |        `- SL
               |                 |  |
               |                 |  `- Exp.Var c#M.9
               |                 |
               |                 `- (,)#Builtin.0 y#M.10 c#M.11
               |                    |
               |                    `- Exp.App
               |                       |
               |                       +- Exp.App
               |                       |  |
               |                       |  +- Exp.TypeApp
               |                       |  |  |
               |                       |  |  +- Exp.TypeApp
               |                       |  |  |  |
               |                       |  |  |  +- Exp.Var send#Builtin.29
               |                       |  |  |  |
               |                       |  |  |  `- Type.Type
               |                       |  |  |     |
               |                       |  |  |     `- TypeRef
               |                       |  |  |        |
               |                       |  |  |        `- Int
               |                       |  |  |
               |                       |  |  `- Type.Var s#M.4
               |                       |  |     |
               |                       |  |     `- SL
               |                       |  |
               |                       |  `- Exp.App
               |                       |     |
               |                       |     +- Exp.App
               |                       |     |  |
               |                       |     |  +- Exp.Var (+)#Builtin.17
               |                       |     |  |
               |                       |     |  `- Exp.Var x#M.8
               |                       |     |
               |                       |     `- Exp.Var y#M.10
               |                       |
               |                       `- Exp.Var c#M.11
               |
               `- Neg#M.2 c#M.12
                  |
                  `- Exp.Exp
                     |
                     `- TcExpX.ValueCase
                        |
                        +- Exp.App
                        |  |
                        |  +- Exp.TypeApp
                        |  |  |
                        |  |  +- Exp.TypeApp
                        |  |  |  |
                        |  |  |  +- Exp.Var receive#Builtin.8
                        |  |  |  |
                        |  |  |  `- Type.Type
                        |  |  |     |
                        |  |  |     `- TypeRef
                        |  |  |        |
                        |  |  |        `- Int
                        |  |  |
                        |  |  `- Type.Session (!)
                        |  |     |
                        |  |     +- Type.Type
                        |  |     |  |
                        |  |     |  `- TypeRef
                        |  |     |     |
                        |  |     |     `- Int
                        |  |     |
                        |  |     `- Type.Var s#M.4
                        |  |        |
                        |  |        `- SL
                        |  |
                        |  `- Exp.Var c#M.12
                        |
                        `- (,)#Builtin.0 x#M.13 c#M.14
                           |
                           `- Exp.App
                              |
                              +- Exp.App
                              |  |
                              |  +- Exp.TypeApp
                              |  |  |
                              |  |  +- Exp.TypeApp
                              |  |  |  |
                              |  |  |  +- Exp.Var send#Builtin.29
                              |  |  |  |
                              |  |  |  `- Type.Type
                              |  |  |     |
                              |  |  |     `- TypeRef
                              |  |  |        |
                              |  |  |        `- Int
                              |  |  |
                              |  |  `- Type.Var s#M.4
                              |  |     |
                              |  |     `- SL
                              |  |
                              |  `- Exp.App
                              |     |
                              |     +- Exp.App
                              |     |  |
                              |     |  +- Exp.Var (-)#Builtin.18
                              |     |  |
                              |     |  `- Exp.Lit
                              |     |     |
                              |     |     `- Lit.Int 0
                              |     |
                              |     `- Exp.Var x#M.13
                              |
                              `- Exp.Var c#M.14

