Repeat
|
`- ProtoDecl
   |
   +- OriginUser
   |
   +- kind
   |  |
   |  `- P
   |
   +- parameters
   |  |
   |  `- (p:P)
   |
   `- constructors
      |
      +- More
      |  |
      |  +- Type.Var 9#p
      |  |  |
      |  |  `- P
      |  |
      |  `- Type.Type
      |     |
      |     `- TypeRef
      |        |
      |        +- Repeat
      |        |
      |        `- Type.Var 9#p
      |           |
      |           `- P
      |
      `- Quit

More
|
`- Decl.ProtocolCon (Repeat)
   |
   +- OriginUser
   |
   +- parameters
   |  |
   |  `- (p:P)
   |
   `- items
      |
      +- Type.Var 9#p
      |  |
      |  `- P
      |
      `- Type.Type
         |
         `- TypeRef
            |
            +- Repeat
            |
            `- Type.Var 9#p
               |
               `- P

Quit
|
`- Decl.ProtocolCon (Repeat)
   |
   +- OriginUser
   |
   +- parameters
   |  |
   |  `- (p:P)
   |
   `- items

repeater
|
+- type
|  |
|  `- Type.Forall 54#p:P
|     |
|     `- Type.Arrow U
|        |
|        +- Type.Forall 11#s:SL
|        |  |
|        |  `- Type.Arrow U
|        |     |
|        |     +- Type.Session (?)
|        |     |  |
|        |     |  +- Type.Var 54#p
|        |     |  |  |
|        |     |  |  `- P
|        |     |  |
|        |     |  `- Type.Var 11#s
|        |     |     |
|        |     |     `- SL
|        |     |
|        |     `- Type.Var 11#s
|        |        |
|        |        `- SL
|        |
|        `- Type.Forall 11#s:SL
|           |
|           `- Type.Arrow U
|              |
|              +- Type.Session (?)
|              |  |
|              |  +- Type.Type
|              |  |  |
|              |  |  `- TypeRef
|              |  |     |
|              |  |     +- Repeat
|              |  |     |
|              |  |     `- Type.Var 54#p
|              |  |        |
|              |  |        `- P
|              |  |
|              |  `- Type.Var 11#s
|              |     |
|              |     `- SL
|              |
|              `- Type.Var 11#s
|                 |
|                 `- SL
|
+- params
|  |
|  +- [51#p]
|  |
|  +- 52#handleOne
|  |
|  `- [53#s]
|
`- definition
   |
   `- Exp.TypeAbs 51#p:P
      |
      `- Exp.Abs U 52#handleOne
         |
         +- Type.Forall 11#s:SL
         |  |
         |  `- Type.Arrow U
         |     |
         |     +- Type.Session (?)
         |     |  |
         |     |  +- Type.Var 51#p
         |     |  |  |
         |     |  |  `- P
         |     |  |
         |     |  `- Type.Var 11#s
         |     |     |
         |     |     `- SL
         |     |
         |     `- Type.Var 11#s
         |        |
         |        `- SL
         |
         `- Exp.TypeAbs 53#s:SL
            |
            `- Exp.Rec 55#go
               |
               +- Type.Arrow U
               |  |
               |  +- Type.Session (?)
               |  |  |
               |  |  +- Type.Type
               |  |  |  |
               |  |  |  `- TypeRef
               |  |  |     |
               |  |  |     +- Repeat
               |  |  |     |
               |  |  |     `- Type.Var 51#p
               |  |  |        |
               |  |  |        `- P
               |  |  |
               |  |  `- Type.Var 53#s
               |  |     |
               |  |     `- SL
               |  |
               |  `- Type.Var 53#s
               |     |
               |     `- SL
               |
               `- Exp.Abs U 56#c
                  |
                  +- Type.Session (?)
                  |  |
                  |  +- Type.Type
                  |  |  |
                  |  |  `- TypeRef
                  |  |     |
                  |  |     +- Repeat
                  |  |     |
                  |  |     `- Type.Var 51#p
                  |  |        |
                  |  |        `- P
                  |  |
                  |  `- Type.Var 53#s
                  |     |
                  |     `- SL
                  |
                  `- Exp.Exp
                     |
                     `- TcExpX.RecvCase
                        |
                        +- Exp.Var 56#c
                        |
                        +- More 57#c
                        |  |
                        |  `- Exp.App
                        |     |
                        |     +- Exp.Var 55#go
                        |     |
                        |     `- Exp.App
                        |        |
                        |        +- Exp.TypeApp
                        |        |  |
                        |        |  +- Exp.Var 52#handleOne
                        |        |  |
                        |        |  `- Type.Session (?)
                        |        |     |
                        |        |     +- Type.Type
                        |        |     |  |
                        |        |     |  `- TypeRef
                        |        |     |     |
                        |        |     |     +- Repeat
                        |        |     |     |
                        |        |     |     `- Type.Var 51#p
                        |        |     |        |
                        |        |     |        `- P
                        |        |     |
                        |        |     `- Type.Var 53#s
                        |        |        |
                        |        |        `- SL
                        |        |
                        |        `- Exp.Var 57#c
                        |
                        `- Quit 58#c
                           |
                           `- Exp.Var 58#c

