sendInt1#M.0
|
`- ValueDecl
   |
   +- type
   |  |
   |  `- Type.Forall s#M.3:SL
   |     |
   |     `- Type.Arrow U
   |        |
   |        +- Type.Session (!)
   |        |  |
   |        |  +- Type.Type
   |        |  |  |
   |        |  |  `- TypeRef
   |        |  |     |
   |        |  |     `- Int
   |        |  |
   |        |  `- Type.Var s#M.3
   |        |     |
   |        |     `- SL
   |        |
   |        `- Type.Var s#M.3
   |           |
   |           `- SL
   |
   +- params
   |  |
   |  +- [s#M.1]
   |  |
   |  `- c#M.2
   |
   `- definition
      |
      `- Exp.TypeAbs s#M.1:SL
         |
         `- Exp.Abs U c#M.2
            |
            +- Type.Session (!)
            |  |
            |  +- Type.Type
            |  |  |
            |  |  `- TypeRef
            |  |     |
            |  |     `- Int
            |  |
            |  `- Type.Var s#M.1
            |     |
            |     `- SL
            |
            `- Exp.App
               |
               +- Exp.Abs L c#M.4
               |  |
               |  +- Type.Session (!)
               |  |  |
               |  |  +- Type.Type
               |  |  |  |
               |  |  |  `- TypeRef
               |  |  |     |
               |  |  |     `- Int
               |  |  |
               |  |  `- Type.Var s#M.1
               |  |     |
               |  |     `- SL
               |  |
               |  `- Exp.App
               |     |
               |     +- Exp.App
               |     |  |
               |     |  +- Exp.TypeApp
               |     |  |  |
               |     |  |  +- Exp.TypeApp
               |     |  |  |  |
               |     |  |  |  +- Exp.Var send#Builtin.35
               |     |  |  |  |
               |     |  |  |  `- Type.Type
               |     |  |  |     |
               |     |  |  |     `- TypeRef
               |     |  |  |        |
               |     |  |  |        `- Int
               |     |  |  |
               |     |  |  `- Type.Var s#M.1
               |     |  |     |
               |     |  |     `- SL
               |     |  |
               |     |  `- Exp.Lit
               |     |     |
               |     |     `- Lit.Int 1
               |     |
               |     `- Exp.Var c#M.4
               |
               `- Exp.Var c#M.2

