sendInt1
|
+- type
|  |
|  `- Type.Forall 48#s:SL
|     |
|     `- Type.Arrow U
|        |
|        +- Type.Session (!)
|        |  |
|        |  +- Type.Type
|        |  |  |
|        |  |  `- TypeRef
|        |  |     |
|        |  |     `- Int
|        |  |
|        |  `- Type.Var 48#s
|        |     |
|        |     `- SL
|        |
|        `- Type.Var 48#s
|           |
|           `- SL
|
+- params
|  |
|  +- [46#s]
|  |
|  `- 47#c
|
`- definition
   |
   `- Exp.TypeAbs 46#s:SL
      |
      `- Exp.Abs U 47#c
         |
         +- Type.Session (!)
         |  |
         |  +- Type.Type
         |  |  |
         |  |  `- TypeRef
         |  |     |
         |  |     `- Int
         |  |
         |  `- Type.Var 46#s
         |     |
         |     `- SL
         |
         `- Exp.App
            |
            +- Exp.App
            |  |
            |  +- Exp.TypeApp
            |  |  |
            |  |  +- Exp.TypeApp
            |  |  |  |
            |  |  |  +- Exp.Var send
            |  |  |  |
            |  |  |  `- Type.Type
            |  |  |     |
            |  |  |     `- TypeRef
            |  |  |        |
            |  |  |        `- Int
            |  |  |
            |  |  `- Type.Var 46#s
            |  |     |
            |  |     `- SL
            |  |
            |  `- Exp.Lit
            |     |
            |     `- Lit.Int 1
            |
            `- Exp.Var 47#c

