BTree#M.0
|
`- DataDecl
   |
   +- OriginUser
   |
   +- kind
   |  |
   |  `- TU
   |
   +- parameters
   |  |
   |  `- (a#M.4:TU)
   |
   `- constructors
      |
      +- Branch#M.1
      |  |
      |  +- Type.Type
      |  |  |
      |  |  `- TypeRef
      |  |     |
      |  |     +- BTree
      |  |     |
      |  |     `- Type.Var a#M.4
      |  |        |
      |  |        `- TU
      |  |
      |  `- Type.Type
      |     |
      |     `- TypeRef
      |        |
      |        +- BTree
      |        |
      |        `- Type.Var a#M.4
      |           |
      |           `- TU
      |
      `- Leaf#M.2
         |
         `- Type.Var a#M.4
            |
            `- TU

Branch#M.1
|
`- Decl.DataCon (BTree#M.0)
   |
   +- OriginUser
   |
   +- parameters
   |  |
   |  `- (a#M.4:TU)
   |
   +- multiplicity
   |  |
   |  `- U
   |
   `- items
      |
      +- Type.Type
      |  |
      |  `- TypeRef
      |     |
      |     +- BTree
      |     |
      |     `- Type.Var a#M.4
      |        |
      |        `- TU
      |
      `- Type.Type
         |
         `- TypeRef
            |
            +- BTree
            |
            `- Type.Var a#M.4
               |
               `- TU

Leaf#M.2
|
`- Decl.DataCon (BTree#M.0)
   |
   +- OriginUser
   |
   +- parameters
   |  |
   |  `- (a#M.4:TU)
   |
   +- multiplicity
   |  |
   |  `- U
   |
   `- items
      |
      `- Type.Var a#M.4
         |
         `- TU

sendBTree#M.3
|
+- type
|  |
|  `- Type.Forall a#M.12:TU
|     |
|     `- Type.Arrow U
|        |
|        +- Type.Forall s#M.13:SL
|        |  |
|        |  `- Type.Arrow U
|        |     |
|        |     +- Type.Session (!)
|        |     |  |
|        |     |  +- Type.Var a#M.12
|        |     |  |  |
|        |     |  |  `- TU
|        |     |  |
|        |     |  `- Type.Var s#M.13
|        |     |     |
|        |     |     `- SL
|        |     |
|        |     `- Type.Var s#M.13
|        |        |
|        |        `- SL
|        |
|        `- Type.Arrow U
|           |
|           +- Type.Type
|           |  |
|           |  `- TypeRef
|           |     |
|           |     +- BTree
|           |     |
|           |     `- Type.Var a#M.12
|           |        |
|           |        `- TU
|           |
|           `- Type.Forall s#M.14:SL
|              |
|              `- Type.Arrow U
|                 |
|                 +- Type.Session (!)
|                 |  |
|                 |  +- Type.Type
|                 |  |  |
|                 |  |  `- TypeRef
|                 |  |     |
|                 |  |     +- BTree
|                 |  |     |
|                 |  |     `- Type.Var a#M.12
|                 |  |        |
|                 |  |        `- TU
|                 |  |
|                 |  `- Type.Var s#M.14
|                 |     |
|                 |     `- SL
|                 |
|                 `- Type.Var s#M.14
|                    |
|                    `- SL
|
+- params
|  |
|  +- [a#M.7]
|  |
|  +- sendA#M.8
|  |
|  +- t#M.9
|  |
|  +- [s#M.10]
|  |
|  `- c#M.11
|
`- definition
   |
   `- Exp.TypeAbs a#M.7:TU
      |
      `- Exp.Abs U sendA#M.8
         |
         +- Type.Forall s#M.13:SL
         |  |
         |  `- Type.Arrow U
         |     |
         |     +- Type.Session (!)
         |     |  |
         |     |  +- Type.Var a#M.7
         |     |  |  |
         |     |  |  `- TU
         |     |  |
         |     |  `- Type.Var s#M.13
         |     |     |
         |     |     `- SL
         |     |
         |     `- Type.Var s#M.13
         |        |
         |        `- SL
         |
         `- Exp.Abs U t#M.9
            |
            +- Type.Type
            |  |
            |  `- TypeRef
            |     |
            |     +- BTree
            |     |
            |     `- Type.Var a#M.7
            |        |
            |        `- TU
            |
            `- Exp.TypeAbs s#M.10:SL
               |
               `- Exp.Abs U c#M.11
                  |
                  +- Type.Session (!)
                  |  |
                  |  +- Type.Type
                  |  |  |
                  |  |  `- TypeRef
                  |  |     |
                  |  |     +- BTree
                  |  |     |
                  |  |     `- Type.Var a#M.7
                  |  |        |
                  |  |        `- TU
                  |  |
                  |  `- Type.Var s#M.10
                  |     |
                  |     `- SL
                  |
                  `- Exp.Exp
                     |
                     `- TcExpX.ValueCase
                        |
                        +- Exp.Var t#M.9
                        |
                        +- Branch#M.1 l#M.15 r#M.16
                        |  |
                        |  `- Exp.Exp
                        |     |
                        |     `- TcExpX.ValueCase
                        |        |
                        |        +- Exp.App
                        |        |  |
                        |        |  +- Exp.TypeApp
                        |        |  |  |
                        |        |  |  +- Exp.TypeApp
                        |        |  |  |  |
                        |        |  |  |  +- Exp.Select Branch#M.1
                        |        |  |  |  |
                        |        |  |  |  `- Type.Var a#M.7
                        |        |  |  |     |
                        |        |  |  |     `- TU
                        |        |  |  |
                        |        |  |  `- Type.Var s#M.10
                        |        |  |     |
                        |        |  |     `- SL
                        |        |  |
                        |        |  `- Exp.Var c#M.11
                        |        |
                        |        `- c#M.17
                        |           |
                        |           `- Exp.Exp
                        |              |
                        |              `- TcExpX.ValueCase
                        |                 |
                        |                 +- Exp.App
                        |                 |  |
                        |                 |  +- Exp.App
                        |                 |  |  |
                        |                 |  |  +- Exp.App
                        |                 |  |  |  |
                        |                 |  |  |  +- Exp.TypeApp
                        |                 |  |  |  |  |
                        |                 |  |  |  |  +- Exp.TypeApp
                        |                 |  |  |  |  |  |
                        |                 |  |  |  |  |  +- Exp.Var sendBTree#M.3
                        |                 |  |  |  |  |  |
                        |                 |  |  |  |  |  `- Type.Var a#M.7
                        |                 |  |  |  |  |     |
                        |                 |  |  |  |  |     `- TU
                        |                 |  |  |  |  |
                        |                 |  |  |  |  `- Type.Session (!)
                        |                 |  |  |  |     |
                        |                 |  |  |  |     +- Type.Type
                        |                 |  |  |  |     |  |
                        |                 |  |  |  |     |  `- TypeRef
                        |                 |  |  |  |     |     |
                        |                 |  |  |  |     |     +- BTree
                        |                 |  |  |  |     |     |
                        |                 |  |  |  |     |     `- Type.Var a#M.7
                        |                 |  |  |  |     |        |
                        |                 |  |  |  |     |        `- TU
                        |                 |  |  |  |     |
                        |                 |  |  |  |     `- Type.Var s#M.10
                        |                 |  |  |  |        |
                        |                 |  |  |  |        `- SL
                        |                 |  |  |  |
                        |                 |  |  |  `- Exp.Var sendA#M.8
                        |                 |  |  |
                        |                 |  |  `- Exp.Var l#M.15
                        |                 |  |
                        |                 |  `- Exp.Var c#M.17
                        |                 |
                        |                 `- c#M.18
                        |                    |
                        |                    `- Exp.Exp
                        |                       |
                        |                       `- TcExpX.ValueCase
                        |                          |
                        |                          +- Exp.App
                        |                          |  |
                        |                          |  +- Exp.App
                        |                          |  |  |
                        |                          |  |  +- Exp.App
                        |                          |  |  |  |
                        |                          |  |  |  +- Exp.TypeApp
                        |                          |  |  |  |  |
                        |                          |  |  |  |  +- Exp.TypeApp
                        |                          |  |  |  |  |  |
                        |                          |  |  |  |  |  +- Exp.Var sendBTree#M.3
                        |                          |  |  |  |  |  |
                        |                          |  |  |  |  |  `- Type.Var a#M.7
                        |                          |  |  |  |  |     |
                        |                          |  |  |  |  |     `- TU
                        |                          |  |  |  |  |
                        |                          |  |  |  |  `- Type.Var s#M.10
                        |                          |  |  |  |     |
                        |                          |  |  |  |     `- SL
                        |                          |  |  |  |
                        |                          |  |  |  `- Exp.Var sendA#M.8
                        |                          |  |  |
                        |                          |  |  `- Exp.Var r#M.16
                        |                          |  |
                        |                          |  `- Exp.Var c#M.18
                        |                          |
                        |                          `- c#M.19
                        |                             |
                        |                             `- Exp.Var c#M.19
                        |
                        `- Leaf#M.2 a#M.20
                           |
                           `- Exp.Exp
                              |
                              `- TcExpX.ValueCase
                                 |
                                 +- Exp.App
                                 |  |
                                 |  +- Exp.TypeApp
                                 |  |  |
                                 |  |  +- Exp.TypeApp
                                 |  |  |  |
                                 |  |  |  +- Exp.Select Leaf#M.2
                                 |  |  |  |
                                 |  |  |  `- Type.Var a#M.7
                                 |  |  |     |
                                 |  |  |     `- TU
                                 |  |  |
                                 |  |  `- Type.Var s#M.10
                                 |  |     |
                                 |  |     `- SL
                                 |  |
                                 |  `- Exp.Var c#M.11
                                 |
                                 `- c#M.21
                                    |
                                    `- Exp.App
                                       |
                                       +- Exp.TypeApp
                                       |  |
                                       |  +- Exp.Var sendA#M.8
                                       |  |
                                       |  `- Type.Var s#M.10
                                       |     |
                                       |     `- SL
                                       |
                                       `- Exp.Var c#M.21

