
5:1: error:
	 Multiple declarations of Int
	 Declared at: 0:0
	              5:1

7:1: error:
	 Multiple declarations of Bool
	 Declared at: 0:0
	              7:1

9:1: error:
	 Multiple declarations of Char
	 Declared at: 0:0
	              9:1

13:1: error:
	 Multiple declarations of String
	 Declared at: 0:0
	              13:1