BTree#M.0
|
`- DataDecl
   |
   +- OriginUser
   |
   +- kind
   |  |
   |  `- TU
   |
   +- parameters
   |  |
   |  `- (a#M.3:TU)
   |
   `- constructors
      |
      +- Branch#M.1
      |  |
      |  +- Type.App
      |  |  |
      |  |  +- Type.Con BTree#M.0
      |  |  |
      |  |  `- Type.Var a#M.3
      |  |
      |  `- Type.App
      |     |
      |     +- Type.Con BTree#M.0
      |     |
      |     `- Type.Var a#M.3
      |
      `- Leaf#M.2
         |
         `- Type.Var a#M.3

Branch#M.1
|
`- Decl.DataCon (BTree#M.0)
   |
   +- OriginUser
   |
   +- parameters
   |  |
   |  `- (a#M.4:TU)
   |
   +- multiplicity
   |  |
   |  `- U
   |
   `- items
      |
      +- Type.App
      |  |
      |  +- Type.Con BTree#M.0
      |  |
      |  `- Type.Var a#M.4
      |
      `- Type.App
         |
         +- Type.Con BTree#M.0
         |
         `- Type.Var a#M.4

Leaf#M.2
|
`- Decl.DataCon (BTree#M.0)
   |
   +- OriginUser
   |
   +- parameters
   |  |
   |  `- (a#M.5:TU)
   |
   +- multiplicity
   |  |
   |  `- U
   |
   `- items
      |
      `- Type.Var a#M.5

