Literal#M.0
|
`- DataDecl
   |
   +- kind
   |  |
   |  `- TU
   |
   +- parameters
   |
   `- constructors
      |
      +- Bool#M.1
      |  |
      |  `- Type.Con Bool#Builtin.4
      |
      +- Char#M.2
      |  |
      |  `- Type.Con Char#Builtin.2
      |
      +- Int#M.3
      |  |
      |  `- Type.Con Int#Builtin.1
      |
      +- String#M.4
      |  |
      |  `- Type.Con String#Builtin.3
      |
      `- Unit#M.5

Bool#M.1
|
`- Decl.DataCon (Literal#M.0)
   |
   +- parameters
   |
   +- multiplicity
   |  |
   |  `- U
   |
   `- items
      |
      `- Type.Con Bool#Builtin.4

Char#M.2
|
`- Decl.DataCon (Literal#M.0)
   |
   +- parameters
   |
   +- multiplicity
   |  |
   |  `- U
   |
   `- items
      |
      `- Type.Con Char#Builtin.2

Int#M.3
|
`- Decl.DataCon (Literal#M.0)
   |
   +- parameters
   |
   +- multiplicity
   |  |
   |  `- U
   |
   `- items
      |
      `- Type.Con Int#Builtin.1

String#M.4
|
`- Decl.DataCon (Literal#M.0)
   |
   +- parameters
   |
   +- multiplicity
   |  |
   |  `- U
   |
   `- items
      |
      `- Type.Con String#Builtin.3

Unit#M.5
|
`- Decl.DataCon (Literal#M.0)
   |
   +- parameters
   |
   +- multiplicity
   |  |
   |  `- U
   |
   `- items

