Exp.UnLet x#M.0
|
+- Exp.Lit
|  |
|  `- Lit.Int 1
|
`- Exp.UnLet x#M.3
   |
   +- Exp.Rec x#M.1
   |  |
   |  +- Type.Arrow U
   |  |  |
   |  |  +- Type.Con Int#Builtin.1
   |  |  |
   |  |  `- Type.Con Int#Builtin.1
   |  |
   |  `- Exp.Abs U x#M.2
   |     |
   |     +- Type.Con Int#Builtin.1
   |     |
   |     `- Exp.Var x#M.2
   |
   `- Exp.UnLet y#M.6
      |
      +- Exp.Rec x#M.4
      |  |
      |  +- Type.Arrow U
      |  |  |
      |  |  +- Type.Con Int#Builtin.1
      |  |  |
      |  |  `- Type.Con Int#Builtin.1
      |  |
      |  `- Exp.Abs U _#M.5
      |     |
      |     +- Type.Con Int#Builtin.1
      |     |
      |     `- Exp.App
      |        |
      |        +- Exp.Var x#M.4
      |        |
      |        `- Exp.Lit
      |           |
      |           `- Lit.Int 10
      |
      `- Exp.UnLet x#M.7
         |
         +- Exp.App
         |  |
         |  +- Exp.Var x#M.3
         |  |
         |  `- Exp.Lit
         |     |
         |     `- Lit.Int 10
         |
         `- Exp.Var x#M.7

