Identity#M.0
|
`- DataDecl
   |
   +- kind
   |  |
   |  `- TU
   |
   +- parameters
   |  |
   |  `- (a#M.4:TU)
   |
   `- constructors
      |
      `- Identity#M.1
         |
         `- Type.Var a#M.4
            |
            `- TU

Identity#M.1
|
`- Decl.DataCon (Identity#M.0)
   |
   +- parameters
   |  |
   |  `- (a#M.4:TU)
   |
   +- multiplicity
   |  |
   |  `- U
   |
   `- items
      |
      `- Type.Var a#M.4
         |
         `- TU

matchD0#M.2
|
`- ValueDecl
   |
   +- type
   |  |
   |  `- Type.Arrow U
   |     |
   |     +- Type.Type
   |     |  |
   |     |  `- TypeRef
   |     |     |
   |     |     `- D0
   |     |
   |     `- Type.Unit
   |
   +- params
   |  |
   |  `- d0#M.6
   |
   `- definition
      |
      `- Exp.Abs U d0#M.6
         |
         +- Type.Type
         |  |
         |  `- TypeRef
         |     |
         |     `- D0
         |
         `- Exp.Exp
            |
            `- TcExpX.ValueCase
               |
               +- Exp.Var d0#M.6
               |
               `- D0#Declarations.13
                  |
                  `- Exp.Lit
                     |
                     `- Lit.Unit

runIdentity#M.3
|
`- ValueDecl
   |
   +- type
   |  |
   |  `- Type.Forall a#M.8:TU
   |     |
   |     `- Type.Arrow U
   |        |
   |        +- Type.Type
   |        |  |
   |        |  `- TypeRef
   |        |     |
   |        |     +- Identity
   |        |     |
   |        |     `- Type.Var a#M.8
   |        |        |
   |        |        `- TU
   |        |
   |        `- Type.Var a#M.8
   |           |
   |           `- TU
   |
   +- params
   |  |
   |  `- id#M.7
   |
   `- definition
      |
      `- Exp.TypeAbs _#M.10:TU
         |
         `- Exp.Abs U id#M.7
            |
            +- Type.Type
            |  |
            |  `- TypeRef
            |     |
            |     +- Identity
            |     |
            |     `- Type.Var _#M.10
            |        |
            |        `- TU
            |
            `- Exp.Exp
               |
               `- TcExpX.ValueCase
                  |
                  +- Exp.Var id#M.7
                  |
                  `- Identity#M.1 a#M.9
                     |
                     `- Exp.Var a#M.9

