and#M.0
|
`- ValueDecl
   |
   +- type
   |  |
   |  `- Type.Arrow U
   |     |
   |     +- Type.Type
   |     |  |
   |     |  `- TypeRef
   |     |     |
   |     |     `- Bool
   |     |
   |     `- Type.Arrow U
   |        |
   |        +- Type.Type
   |        |  |
   |        |  `- TypeRef
   |        |     |
   |        |     `- D0
   |        |
   |        `- Type.Unit
   |
   +- params
   |  |
   |  +- a#M.1
   |  |
   |  `- b#M.2
   |
   `- definition
      |
      `- Exp.Abs U a#M.1
         |
         +- Type.Type
         |  |
         |  `- TypeRef
         |     |
         |     `- Bool
         |
         `- Exp.Abs U b#M.2
            |
            +- Type.Type
            |  |
            |  `- TypeRef
            |     |
            |     `- D0
            |
            `- Exp.Exp
               |
               `- TcExpX.ValueCase
                  |
                  +- Exp.Var a#M.1
                  |
                  `- _#M.3
                     |
                     `- Exp.Exp
                        |
                        `- TcExpX.ValueCase
                           |
                           +- Exp.Var b#M.2
                           |
                           `- _#M.4
                              |
                              `- Exp.Lit
                                 |
                                 `- Lit.Unit

