Repeat#M.0
|
`- ProtoDecl
   |
   +- kind
   |  |
   |  `- P
   |
   +- parameters
   |  |
   |  `- (p#M.5:P)
   |
   `- constructors
      |
      +- More#M.2
      |  |
      |  +- Type.Var p#M.5
      |  |  |
      |  |  `- P
      |  |
      |  `- Type.Type
      |     |
      |     `- TypeRef
      |        |
      |        +- Repeat
      |        |
      |        `- Type.Var p#M.5
      |           |
      |           `- P
      |
      `- Quit#M.3

More#M.2
|
`- Decl.ProtocolCon (Repeat#M.0)
   |
   +- parameters
   |  |
   |  `- (p#M.5:P)
   |
   `- items
      |
      +- Type.Var p#M.5
      |  |
      |  `- P
      |
      `- Type.Type
         |
         `- TypeRef
            |
            +- Repeat
            |
            `- Type.Var p#M.5
               |
               `- P

Quit#M.3
|
`- Decl.ProtocolCon (Repeat#M.0)
   |
   +- parameters
   |  |
   |  `- (p#M.5:P)
   |
   `- items

repeater#M.4
|
`- ValueDecl
   |
   +- type
   |  |
   |  `- Type.Forall p#M.13:P
   |     |
   |     `- Type.Arrow U
   |        |
   |        +- Type.Forall s#M.7:SL
   |        |  |
   |        |  `- Type.Arrow U
   |        |     |
   |        |     +- Type.Session (?)
   |        |     |  |
   |        |     |  +- Type.Var p#M.13
   |        |     |  |  |
   |        |     |  |  `- P
   |        |     |  |
   |        |     |  `- Type.Var s#M.7
   |        |     |     |
   |        |     |     `- SL
   |        |     |
   |        |     `- Type.Var s#M.7
   |        |        |
   |        |        `- SL
   |        |
   |        `- Type.Forall s#M.7:SL
   |           |
   |           `- Type.Arrow U
   |              |
   |              +- Type.Session (?)
   |              |  |
   |              |  +- Type.Type
   |              |  |  |
   |              |  |  `- TypeRef
   |              |  |     |
   |              |  |     +- Repeat
   |              |  |     |
   |              |  |     `- Type.Var p#M.13
   |              |  |        |
   |              |  |        `- P
   |              |  |
   |              |  `- Type.Var s#M.7
   |              |     |
   |              |     `- SL
   |              |
   |              `- Type.Var s#M.7
   |                 |
   |                 `- SL
   |
   +- params
   |  |
   |  +- [p#M.10]
   |  |
   |  +- handleOne#M.11
   |  |
   |  `- [s#M.12]
   |
   `- definition
      |
      `- Exp.TypeAbs p#M.10:P
         |
         `- Exp.Abs U handleOne#M.11
            |
            +- Type.Forall s#M.7:SL
            |  |
            |  `- Type.Arrow U
            |     |
            |     +- Type.Session (?)
            |     |  |
            |     |  +- Type.Var p#M.10
            |     |  |  |
            |     |  |  `- P
            |     |  |
            |     |  `- Type.Var s#M.7
            |     |     |
            |     |     `- SL
            |     |
            |     `- Type.Var s#M.7
            |        |
            |        `- SL
            |
            `- Exp.TypeAbs s#M.12:SL
               |
               `- Exp.Rec go#M.14
                  |
                  +- Type.Arrow U
                  |  |
                  |  +- Type.Session (?)
                  |  |  |
                  |  |  +- Type.Type
                  |  |  |  |
                  |  |  |  `- TypeRef
                  |  |  |     |
                  |  |  |     +- Repeat
                  |  |  |     |
                  |  |  |     `- Type.Var p#M.10
                  |  |  |        |
                  |  |  |        `- P
                  |  |  |
                  |  |  `- Type.Var s#M.12
                  |  |     |
                  |  |     `- SL
                  |  |
                  |  `- Type.Var s#M.12
                  |     |
                  |     `- SL
                  |
                  `- Exp.Abs U c#M.15
                     |
                     +- Type.Session (?)
                     |  |
                     |  +- Type.Type
                     |  |  |
                     |  |  `- TypeRef
                     |  |     |
                     |  |     +- Repeat
                     |  |     |
                     |  |     `- Type.Var p#M.10
                     |  |        |
                     |  |        `- P
                     |  |
                     |  `- Type.Var s#M.12
                     |     |
                     |     `- SL
                     |
                     `- Exp.Exp
                        |
                        `- TcExpX.RecvCase
                           |
                           +- Exp.Var c#M.15
                           |
                           +- More#M.2 c#M.16
                           |  |
                           |  `- Exp.App
                           |     |
                           |     +- Exp.Var go#M.14
                           |     |
                           |     `- Exp.App
                           |        |
                           |        +- Exp.TypeApp
                           |        |  |
                           |        |  +- Exp.Var handleOne#M.11
                           |        |  |
                           |        |  `- Type.Session (?)
                           |        |     |
                           |        |     +- Type.Type
                           |        |     |  |
                           |        |     |  `- TypeRef
                           |        |     |     |
                           |        |     |     +- Repeat
                           |        |     |     |
                           |        |     |     `- Type.Var p#M.10
                           |        |     |        |
                           |        |     |        `- P
                           |        |     |
                           |        |     `- Type.Var s#M.12
                           |        |        |
                           |        |        `- SL
                           |        |
                           |        `- Exp.Var c#M.16
                           |
                           `- Quit#M.3 c#M.17
                              |
                              `- Exp.Var c#M.17

