Exp.App
|
+- Exp.Var foo
|
`- Exp.Abs U n
   |
   +- Type.Con Int
   |
   `- Exp.Exp
      |
      `- OperatorSequence
         |
         +- Exp.Var bar
         |
         +- Exp.Var (*)
         |
         `- Exp.Abs U x
            |
            +- Type.Con Int
            |
            `- Exp.Exp
               |
               `- OperatorSequence
                  |
                  +- Exp.Var x
                  |
                  +- Exp.Var (+)
                  |
                  `- Exp.Var n

