Exp.App
|
+- Exp.Var finally
|
`- Exp.App
   |
   +- Exp.Var first
   |
   `- Exp.App
      |
      +- Exp.Var here
      |
      `- Exp.App
         |
         +- Exp.Var pipe
         |
         `- Exp.App
            |
            +- Exp.App
            |  |
            |  +- Exp.Var (==)
            |  |
            |  `- Exp.Var a
            |
            `- Exp.Var b

