imports
|

declarations
|
+- IntList
|  |
|  `- DataDecl
|     |
|     +- kind
|     |  |
|     |  `- TU
|     |
|     +- parameters
|     |
|     `- constructors
|        |
|        +- Cons
|        |  |
|        |  +- Type.Con Int
|        |  |
|        |  `- Type.Con IntList
|        |
|        `- Nil
|
+- Cons
|  |
|  `- Decl.DataCon (IntList)
|     |
|     +- parameters
|     |
|     +- multiplicity
|     |  |
|     |  `- U
|     |
|     `- items
|        |
|        +- Type.Con Int
|        |
|        `- Type.Con IntList
|
`- Nil
   |
   `- Decl.DataCon (IntList)
      |
      +- parameters
      |
      +- multiplicity
      |  |
      |  `- U
      |
      `- items

