imports
|

declarations
|
`- Service
   |
   `- AliasDecl
      |
      +- kind
      |  |
      |  `- Nothing
      |
      +- parameters
      |  |
      |  `- (x:P)
      |
      `- alias
         |
         `- Type.Forall s:SL
            |
            `- Type.Arrow U
               |
               +- Type.Session (?)
               |  |
               |  +- Type.Var x
               |  |
               |  `- Type.Var s
               |
               `- Type.Var s

