imports
|

declarations
|
`- id
   |
   +- type
   |  |
   |  `- Type.Forall a:TU
   |     |
   |     `- Type.Arrow U
   |        |
   |        +- Type.Var a
   |        |
   |        `- Type.Var a
   |
   +- params
   |  |
   |  +- [a]
   |  |
   |  `- a
   |
   `- definition
      |
      `- Exp.Var a

