import M1
|
`- ImportAll

import M2
|
`- ImportAll

import M3
|
`- ImportAll

import M4
|
`- ImportOnly
   |
   +- use value ‘(*)’ as ‘(*)’
   |
   `- use value ‘add’ as ‘add’

import M5
|
`- ImportAll
   |
   `- use value ‘x’ as ‘y’

import M6
|
`- ImportOnly
   |
   +- use value ‘Con1’ as ‘Con2’
   |
   +- use value ‘(+)’ as ‘add’
   |
   `- use value ‘foo’ as ‘bar’

import M7
|
`- ImportAll
   |
   +- hide value ‘(*)’
   |
   `- hide value ‘hide_this’

