imports
|
`- |
   +- Import as Control.Monad
   |  |
   |  +- target
   |  |  |
   |  |  `- Control.Monad
   |  |
   |  `- ImportAll
   |     |
   |     `- hide value ‘join’
   |
   `- Import as List
      |
      +- target
      |  |
      |  `- Data.List
      |
      `- ImportOnly
         |
         `- use value ‘unwords’ as ‘joinSpaces’

declarations

