imports
|

declarations
|
+- Arith
|  |
|  `- ProtoDecl
|     |
|     +- kind
|     |  |
|     |  `- P
|     |
|     +- parameters
|     |
|     `- constructors
|        |
|        +- Add
|        |  |
|        |  +- Type.Con Int
|        |  |
|        |  +- Type.Con Int
|        |  |
|        |  +- Type.Negate
|        |  |  |
|        |  |  `- Type.Con Int
|        |  |
|        |  `- Type.Con Arith
|        |
|        +- Neg
|        |  |
|        |  +- Type.Con Int
|        |  |
|        |  +- Type.Negate
|        |  |  |
|        |  |  `- Type.Con Int
|        |  |
|        |  `- Type.Con Arith
|        |
|        `- Quit
|
+- Add
|  |
|  `- Decl.ProtocolCon (Arith)
|     |
|     +- parameters
|     |
|     `- items
|        |
|        +- Type.Con Int
|        |
|        +- Type.Con Int
|        |
|        +- Type.Negate
|        |  |
|        |  `- Type.Con Int
|        |
|        `- Type.Con Arith
|
+- Neg
|  |
|  `- Decl.ProtocolCon (Arith)
|     |
|     +- parameters
|     |
|     `- items
|        |
|        +- Type.Con Int
|        |
|        +- Type.Negate
|        |  |
|        |  `- Type.Con Int
|        |
|        `- Type.Con Arith
|
`- Quit
   |
   `- Decl.ProtocolCon (Arith)
      |
      +- parameters
      |
      `- items

