Exp.UnLet finally#M.0
|
+- Exp.Lit
|  |
|  `- Lit.Unit
|
`- Exp.UnLet pipe#M.1
   |
   +- Exp.Lit
   |  |
   |  `- Lit.Unit
   |
   `- Exp.UnLet here#M.2
      |
      +- Exp.Lit
      |  |
      |  `- Lit.Unit
      |
      `- Exp.UnLet first#M.3
         |
         +- Exp.Lit
         |  |
         |  `- Lit.Unit
         |
         `- Exp.App
            |
            +- Exp.Var finally#M.0
            |
            `- Exp.App
               |
               +- Exp.Var first#M.3
               |
               `- Exp.App
                  |
                  +- Exp.Var here#M.2
                  |
                  `- Exp.App
                     |
                     +- Exp.Var pipe#M.1
                     |
                     `- Exp.App
                        |
                        +- Exp.App
                        |  |
                        |  +- Exp.Var (==)#Builtin.20
                        |  |
                        |  `- Exp.Lit
                        |     |
                        |     `- Lit.Int 1
                        |
                        `- Exp.Lit
                           |
                           `- Lit.Int 2

