
9:1: error:
	 Multiple declarations of Int
	 Declared at: 0:0
	              9:1

11:1: error:
	 Multiple declarations of Bool
	 Declared at: 0:0
	              11:1

13:1: error:
	 Multiple declarations of Char
	 Declared at: 0:0
	              13:1

17:1: error:
	 Multiple declarations of String
	 Declared at: 0:0
	              17:1