
9:9: error:
	 Expression
	     x
	 has type
	     D1
	 but context demands a subtype of
	     D2

9:9: error:
	 Expression
	     bar x
	 has type
	     D2
	 but context demands a subtype of
	     D1

12:9: error:
	 Expression
	     x
	 has type
	     D2
	 but context demands a subtype of
	     D1

12:9: error:
	 Expression
	     foo x
	 has type
	     D1
	 but context demands a subtype of
	     D2