
9:9: error:
	 Expression
	     bar x
	 has type
	     D2
	 but it should have type
	     D1

9:13: error:
	 Expression
	     x
	 has type
	     D1
	 but it should have type
	     D2

12:9: error:
	 Expression
	     foo x
	 has type
	     D1
	 but it should have type
	     D2

12:13: error:
	 Expression
	     x
	 has type
	     D2
	 but it should have type
	     D1